
> node_accounting-app-with-db@1.0.0 dev
> nodemon index.js

[33m[nodemon] 3.1.10[39m
[33m[nodemon] to restart at any time, enter `rs`[39m
[33m[nodemon] watching path(s): *.*[39m
[33m[nodemon] watching extensions: js,mjs,cjs,json[39m
[32m[nodemon] starting `node index.js src/index.js`[39m
Server is running on localhost:5700
[Function: createServer]
Executing (b1a93a1c-41bf-4b84-9a8e-2928c5bc06dd): START TRANSACTION;
Executing (default): SELECT "id", "name", "created_at" AS "createdAt", "updated_at" AS "updatedAt" FROM "users" AS "User";
Executing (b1a93a1c-41bf-4b84-9a8e-2928c5bc06dd): COMMIT;
Executing (default): SELECT "id", "name", "created_at" AS "createdAt", "updated_at" AS "updatedAt" FROM "users" AS "User" WHERE "User"."name" = 'Piter pen' LIMIT 1;
Executing (default): INSERT INTO "users" ("id","name","created_at","updated_at") VALUES (DEFAULT,$1,$2,$3) RETURNING "id","name","created_at","updated_at";
Executing (default): SELECT "id", "name", "created_at" AS "createdAt", "updated_at" AS "updatedAt" FROM "users" AS "User" WHERE "User"."id" = 3;
Executing (default): SELECT "id", "name", "created_at" AS "createdAt", "updated_at" AS "updatedAt" FROM "users" AS "User" WHERE "User"."id" = 4;
Executing (default): UPDATE "users" SET "name"=$1,"updated_at"=$2 WHERE "id" = $3
Executing (default): SELECT "id", "name", "created_at" AS "createdAt", "updated_at" AS "updatedAt" FROM "users" AS "User" WHERE "User"."id" = 4;
Executing (default): DELETE FROM "users" WHERE "id" = 4
Executing (4e1ffea8-7254-4700-b72d-feaae3efe851): START TRANSACTION;
Executing (default): SELECT "id", "name", "created_at" AS "createdAt", "updated_at" AS "updatedAt" FROM "users" AS "User";
Executing (4e1ffea8-7254-4700-b72d-feaae3efe851): COMMIT;
Executing (default): SELECT "id", "name", "created_at" AS "createdAt", "updated_at" AS "updatedAt" FROM "users" AS "User" WHERE "User"."id" = 2;
Executing (default): DELETE FROM "users" WHERE "id" = 2
Executing (9914e47e-f517-41ff-8361-7b2ae4152827): START TRANSACTION;
Executing (default): SELECT "id", "name", "created_at" AS "createdAt", "updated_at" AS "updatedAt" FROM "users" AS "User";
Executing (9914e47e-f517-41ff-8361-7b2ae4152827): COMMIT;
